#
# There is insufficient memory for the Java Runtime Environment to continue.
# Native memory allocation (mmap) failed to map 125829120 bytes for G1 virtual space
# Possible reasons:
#   The system is out of physical RAM or swap space
#   The process is running with CompressedOops enabled, and the Java Heap may be blocking the growth of the native heap
# Possible solutions:
#   Reduce memory load on the system
#   Increase physical memory or swap space
#   Check if swap backing store is full
#   Decrease Java heap size (-Xmx/-Xms)
#   Decrease number of Java threads
#   Decrease Java thread stack sizes (-Xss)
#   Set larger code cache with -XX:ReservedCodeCacheSize=
#   JVM is running with Unscaled Compressed Oops mode in which the Java heap is
#     placed in the first 4GB address space. The Java Heap base address is the
#     maximum limit for the native heap growth. Please use -XX:HeapBaseMinAddress
#     to set the Java Heap base and to place the Java Heap above 4GB virtual address.
# This output file may be truncated or incomplete.
#
#  Out of Memory Error (os_windows.cpp:3548), pid=14640, tid=3172
#
# JRE version:  (17.0.10+11) (build )
# Java VM: Java HotSpot(TM) 64-Bit Server VM (17.0.10+11-LTS-240, mixed mode, sharing, tiered, compressed oops, compressed class ptrs, g1 gc, windows-amd64)
# No core dump will be written. Minidumps are not enabled by default on client versions of Windows
#

---------------  S U M M A R Y ------------

Command Line: c:\Users\Mercure Mekinda\.vscode\extensions\salesforce.salesforce-vscode-slds-2.0.12\lsp-2.0.12-executable.jar --PORT=64726

Host: Intel(R) Core(TM) i5-6300U CPU @ 2.40GHz, 4 cores, 7G,  Windows 10 , 64 bit Build 19041 (10.0.19041.5915)
Time: Wed Jul 15 15:40:24 2026 W. Central Africa Standard Time elapsed time: 0.039609 seconds (0d 0h 0m 0s)

---------------  T H R E A D  ---------------

Current thread (0x0000026761ae1590):  JavaThread "Unknown thread" [_thread_in_vm, id=3172, stack(0x000000b0eeb00000,0x000000b0eec00000)]

Stack: [0x000000b0eeb00000,0x000000b0eec00000]
Native frames: (J=compiled Java code, j=interpreted, Vv=VM code, C=native code)
V  [jvm.dll+0x677a5a]
V  [jvm.dll+0x7d8b2d]
V  [jvm.dll+0x7da48e]
V  [jvm.dll+0x7daaf3]
V  [jvm.dll+0x2455ff]
V  [jvm.dll+0x6749b9]
V  [jvm.dll+0x669382]
V  [jvm.dll+0x302e96]
V  [jvm.dll+0x30a416]
V  [jvm.dll+0x359cbe]
V  [jvm.dll+0x359eef]
V  [jvm.dll+0x2d9e88]
V  [jvm.dll+0x2dadf4]
V  [jvm.dll+0x7aa551]
V  [jvm.dll+0x367911]
V  [jvm.dll+0x789639]
V  [jvm.dll+0x3eb30f]
V  [jvm.dll+0x3ecd91]
C  [jli.dll+0x5297]
C  [ucrtbase.dll+0x21bb2]
C  [KERNEL32.DLL+0x17374]
C  [ntdll.dll+0x4cc91]


---------------  P R O C E S S  ---------------

Threads class SMR info:
_java_thread_list=0x00007ff80a6d6a18, length=0, elements={
}

Java Threads: ( => current thread )

Other Threads:
  0x0000026761b36670 GCTaskThread "GC Thread#0" [stack: 0x000000b0eec00000,0x000000b0eed00000] [id=7488]
  0x0000026761b46380 ConcurrentGCThread "G1 Main Marker" [stack: 0x000000b0eed00000,0x000000b0eee00000] [id=12524]
  0x0000026761b47da0 ConcurrentGCThread "G1 Conc#0" [stack: 0x000000b0eee00000,0x000000b0eef00000] [id=10352]

[error occurred during error reporting (printing all threads), id 0xc0000005, EXCEPTION_ACCESS_VIOLATION (0xc0000005) at pc=0x00007ff809f0aae7]

VM state: not at safepoint (not fully initialized)

VM Mutex/Monitor currently owned by a thread:  ([mutex/lock_event])
[0x0000026761adcae0] Heap_lock - owner thread: 0x0000026761ae1590

Heap address: 0x0000000089200000, size: 1902 MB, Compressed Oops mode: 32-bit

CDS archive(s) mapped at: [0x0000000000000000-0x0000000000000000-0x0000000000000000), size 0, SharedBaseAddress: 0x0000000800000000, ArchiveRelocationMode: 1.
Narrow klass base: 0x0000000000000000, Narrow klass shift: 0, Narrow klass range: 0x0

GC Precious Log:
<Empty>

Heap:
 garbage-first heap   total 0K, used 0K [0x0000000089200000, 0x0000000100000000)
  region size 1024K, 0 young (0K), 0 survivors (0K)

[error occurred during error reporting (printing heap information), id 0xc0000005, EXCEPTION_ACCESS_VIOLATION (0xc0000005) at pc=0x00007ff80a2f1249]

GC Heap History (0 events):
No events

Deoptimization events (0 events):
No events

Classes unloaded (0 events):
No events

Classes redefined (0 events):
No events

Internal exceptions (0 events):
No events

VM Operations (0 events):
No events

Events (1 events):
Event: 0.031 Loaded shared library C:\Program Files\Java\jdk-17\bin\java.dll


Dynamic libraries:
0x00007ff7b3300000 - 0x00007ff7b3310000 	C:\Program Files\Java\jdk-17\bin\java.exe
0x00007ff864e30000 - 0x00007ff865028000 	C:\WINDOWS\SYSTEM32\ntdll.dll
0x00007ff863bd0000 - 0x00007ff863c92000 	C:\WINDOWS\System32\KERNEL32.DLL
0x00007ff862710000 - 0x00007ff862a06000 	C:\WINDOWS\System32\KERNELBASE.dll
0x00007ff85f3b0000 - 0x00007ff85f444000 	C:\WINDOWS\SYSTEM32\apphelp.dll
0x00007ff8624f0000 - 0x00007ff8625f0000 	C:\WINDOWS\System32\ucrtbase.dll
0x00007ff851ed0000 - 0x00007ff851ee9000 	C:\Program Files\Java\jdk-17\bin\jli.dll
0x00007ff864140000 - 0x00007ff8641f1000 	C:\WINDOWS\System32\ADVAPI32.dll
0x00007ff863290000 - 0x00007ff86332e000 	C:\WINDOWS\System32\msvcrt.dll
0x00007ff864200000 - 0x00007ff86429f000 	C:\WINDOWS\System32\sechost.dll
0x00007ff863cb0000 - 0x00007ff863dd0000 	C:\WINDOWS\System32\RPCRT4.dll
0x00007ff8624c0000 - 0x00007ff8624e7000 	C:\WINDOWS\System32\bcrypt.dll
0x00007ff864b70000 - 0x00007ff864d11000 	C:\WINDOWS\System32\USER32.dll
0x00007ff862b90000 - 0x00007ff862bb2000 	C:\WINDOWS\System32\win32u.dll
0x00007ff864110000 - 0x00007ff86413b000 	C:\WINDOWS\System32\GDI32.dll
0x00007ff8625f0000 - 0x00007ff862709000 	C:\WINDOWS\System32\gdi32full.dll
0x00007ff862a10000 - 0x00007ff862aad000 	C:\WINDOWS\System32\msvcp_win.dll
0x00007ff851080000 - 0x00007ff85131b000 	C:\WINDOWS\WinSxS\amd64_microsoft.windows.common-controls_6595b64144ccf1df_6.0.19041.6456_none_60b8a6cb71f64256\COMCTL32.dll
0x00007ff85fa90000 - 0x00007ff85fa9a000 	C:\WINDOWS\SYSTEM32\VERSION.dll
0x00007ff851eb0000 - 0x00007ff851ecb000 	C:\Program Files\Java\jdk-17\bin\VCRUNTIME140.dll
0x00007ff8642b0000 - 0x00007ff8642df000 	C:\WINDOWS\System32\IMM32.DLL
0x00007ff85ab80000 - 0x00007ff85ab8c000 	C:\Program Files\Java\jdk-17\bin\vcruntime140_1.dll
0x00007ff847e10000 - 0x00007ff847e9e000 	C:\Program Files\Java\jdk-17\bin\msvcp140.dll
0x00007ff809c20000 - 0x00007ff80a7ff000 	C:\Program Files\Java\jdk-17\bin\server\jvm.dll
0x00007ff863f30000 - 0x00007ff863f38000 	C:\WINDOWS\System32\PSAPI.DLL
0x00007ff84db60000 - 0x00007ff84db69000 	C:\WINDOWS\SYSTEM32\WSOCK32.dll
0x00007ff864d20000 - 0x00007ff864d8b000 	C:\WINDOWS\System32\WS2_32.dll
0x00007ff84deb0000 - 0x00007ff84ded7000 	C:\WINDOWS\SYSTEM32\WINMM.dll
0x00007ff8602f0000 - 0x00007ff860302000 	C:\WINDOWS\SYSTEM32\kernel.appcore.dll
0x00007ff855740000 - 0x00007ff85574a000 	C:\Program Files\Java\jdk-17\bin\jimage.dll
0x00007ff84dbe0000 - 0x00007ff84dde1000 	C:\WINDOWS\SYSTEM32\DBGHELP.DLL
0x00007ff848af0000 - 0x00007ff848b24000 	C:\WINDOWS\SYSTEM32\dbgcore.DLL
0x00007ff862b00000 - 0x00007ff862b82000 	C:\WINDOWS\System32\bcryptPrimitives.dll
0x00007ff84a7f0000 - 0x00007ff84a815000 	C:\Program Files\Java\jdk-17\bin\java.dll

dbghelp: loaded successfully - version: 4.0.5 - missing functions: none
symbol engine: initialized successfully - sym options: 0x614 - pdb path: .;C:\Program Files\Java\jdk-17\bin;C:\WINDOWS\SYSTEM32;C:\WINDOWS\WinSxS\amd64_microsoft.windows.common-controls_6595b64144ccf1df_6.0.19041.6456_none_60b8a6cb71f64256;C:\Program Files\Java\jdk-17\bin\server

VM Arguments:
java_command: c:\Users\Mercure Mekinda\.vscode\extensions\salesforce.salesforce-vscode-slds-2.0.12\lsp-2.0.12-executable.jar --PORT=64726
java_class_path (initial): c:\Users\Mercure Mekinda\.vscode\extensions\salesforce.salesforce-vscode-slds-2.0.12\lsp-2.0.12-executable.jar
Launcher Type: SUN_STANDARD

[Global flags]
     intx CICompilerCount                          = 3                                         {product} {ergonomic}
     uint ConcGCThreads                            = 1                                         {product} {ergonomic}
     uint G1ConcRefinementThreads                  = 4                                         {product} {ergonomic}
   size_t G1HeapRegionSize                         = 1048576                                   {product} {ergonomic}
    uintx GCDrainStackTargetSize                   = 64                                        {product} {ergonomic}
   size_t InitialHeapSize                          = 125829120                                 {product} {ergonomic}
   size_t MarkStackSize                            = 4194304                                   {product} {ergonomic}
   size_t MaxHeapSize                              = 1994391552                                {product} {ergonomic}
   size_t MinHeapDeltaBytes                        = 1048576                                   {product} {ergonomic}
   size_t MinHeapSize                              = 8388608                                   {product} {ergonomic}
    uintx NonNMethodCodeHeapSize                   = 5832780                                {pd product} {ergonomic}
    uintx NonProfiledCodeHeapSize                  = 122912730                              {pd product} {ergonomic}
    uintx ProfiledCodeHeapSize                     = 122912730                              {pd product} {ergonomic}
    uintx ReservedCodeCacheSize                    = 251658240                              {pd product} {ergonomic}
     bool SegmentedCodeCache                       = true                                      {product} {ergonomic}
   size_t SoftMaxHeapSize                          = 1994391552                             {manageable} {ergonomic}
     bool UseCompressedClassPointers               = true                           {product lp64_product} {ergonomic}
     bool UseCompressedOops                        = true                           {product lp64_product} {ergonomic}
     bool UseG1GC                                  = true                                      {product} {ergonomic}
     bool UseLargePagesIndividualAllocation        = false                                  {pd product} {ergonomic}

Logging:
Log output configuration:
 #0: stdout all=warning uptime,level,tags
 #1: stderr all=off uptime,level,tags

Environment Variables:
JAVA_HOME=C:\Program Files\Java\jdk-17
PATH=C:\Gradle\gradle-8.3\bin;C:\Program Files\Common Files\Oracle\Java\javapath;C:\Program Files (x86)\Common Files\Oracle\Java\java8path;C:\Program Files (x86)\Common Files\Oracle\Java\javapath;C:\WINDOWS\system32;C:\WINDOWS;C:\WINDOWS\System32\Wbem;C:\WINDOWS\System32\WindowsPowerShell\v1.0\;C:\Program Files\PuTTY\;C:\WINDOWS\System32\OpenSSH\;C:\Users\Mercure Mekinda\AppData\Local\Android\Sdk\platform-tools;C:\ProgramData\chocolatey\bin;C:\xampp\php;C:\ProgramData\ComposerSetup\bin;C:\Program Files\Git\cmd;C:\Program Files\nodejs\;C:\Users\Mercure Mekinda\AppData\Roaming\nvm;C:\Program Files\nodejs;C:\Users\Default\AppData\Local\Sdk;C:\Users\Mercure Mekinda\AppData\Local\flutter\bin;C:\Program Files\Java\jdk-17;C:\php-8.3.8;C:\Program Files\OpenSSL-Win64\bin;C:\Program Files\chromedriver-win64;C:\Program Files (x86)\Yarn\bin\;C:\Program Files\Docker\Docker\resources\bin;C:\Users\Mercure Mekinda\AppData\Local\Programs\Python\Python312\Scripts\;C:\Users\Mercure Mekinda\AppData\Local\Programs\Python\Python312\;C:\Users\Mercure Mekinda\scoop\shims;C:\Users\Mercure Mekinda\AppData\Local\Android\Sdk\tools;C:\Users\Mercure Mekinda\AppData\Local\Microsoft\WindowsApps;C:\Users\Mercure Mekinda\AppData\Local\Programs\Microsoft VS Code\bin;C:\Program Files\heroku\bin;C:\Users\Mercure Mekinda\AppData\Local\Android\Sdk;C:\Users\Mercure Mekinda\AppData\Roaming\Composer\vendor\bin;C:\Users\Mercure Mekinda\AppData\Roaming\npm;C:\Users\Mercure Mekinda\AppData\Local\Yarn\bin
USERNAME=Mercure Mekinda
OS=Windows_NT
PROCESSOR_IDENTIFIER=Intel64 Family 6 Model 78 Stepping 3, GenuineIntel



---------------  S Y S T E M  ---------------

OS:
 Windows 10 , 64 bit Build 19041 (10.0.19041.5915)
OS uptime: 0 days 21:48 hours
Hyper-V role detected

CPU: total 4 (initial active 4) (2 cores per cpu, 2 threads per core) family 6 model 78 stepping 3 microcode 0xcc, cx8, cmov, fxsr, ht, mmx, 3dnowpref, sse, sse2, sse3, ssse3, sse4.1, sse4.2, popcnt, lzcnt, tsc, tscinvbit, avx, avx2, aes, erms, clmul, bmi1, bmi2, rtm, adx, fma, vzeroupper, clflush, clflushopt, hv

Memory: 4k page, system-wide physical 7603M (638M free)
TotalPageFile size 15647M (AvailPageFile size 110M)
current process WorkingSet (physical memory assigned to process): 10M, peak: 10M
current process commit charge ("private bytes"): 51M, peak: 171M

vm_info: Java HotSpot(TM) 64-Bit Server VM (17.0.10+11-LTS-240) for windows-amd64 JRE (17.0.10+11-LTS-240), built on Dec 19 2023 21:47:25 by "mach5one" with MS VC++ 17.1 (VS2022)

END.
